EyeApp
Received 5 arguments
arg[0] = localhost
arg[1] = 8080
arg[2] = Tagus
arg[3] = 30
arg[4] = 30
